// Jest Snapshot v1, https://goo.gl/fbAQLP

exports[`RaceFooter component 1`] = `
<div
  className="runners has-text-centered"
>
  <div
    className="runners__header columns has-text-left"
  >
    <div
      className="column is-6"
    >
      <span>
        Runner
      </span>
    </div>
    <div
      className="column is-3"
    >
      <span>
        Win
      </span>
    </div>
    <div
      className="column is-3"
    >
      <span>
        Place
      </span>
    </div>
  </div>
  <div
    className="runners__list"
  >
    <div
      className="runners__list__item columns"
    >
      <div
        className="runners__name column is-6 has-text-left"
      >
        <span
          className="has-text-weight-semibold"
        >
          . 
        </span>
      </div>
      <div
        className="column is-3"
      >
        <div
          className="bet-odd box"
        >
          <span>
            0.00
          </span>
        </div>
      </div>
      <div
        className="column is-3"
      >
        <div
          className="bet-odd box"
        >
          <span>
            0.00
          </span>
        </div>
      </div>
    </div>
    <div
      className="runners__list__item columns"
    >
      <div
        className="runners__name column is-6 has-text-left"
      >
        <span
          className="has-text-weight-semibold"
        >
          . 
        </span>
      </div>
      <div
        className="column is-3"
      >
        <div
          className="bet-odd box"
        >
          <span>
            0.00
          </span>
        </div>
      </div>
      <div
        className="column is-3"
      >
        <div
          className="bet-odd box"
        >
          <span>
            0.00
          </span>
        </div>
      </div>
    </div>
  </div>
  <div
    className="sports__footer"
  >
    <div
      className="sports__all"
    >
      <a
        className="has-text-weight-bold is-uppercase"
      >
        View full race card
      </a>
    </div>
    <span>
      Prices indicative until login & may change before bet is accepted
    </span>
  </div>
</div>
`;
